// Jest Snapshot v1, https://goo.gl/fbAQLP

exports[`ArticleList component renders title, author, description 1`] = `
<DocumentFragment>
  <ul
    data-testid="list"
  >
    <li>
      <section
        data-testid="display"
      >
        <p>
          Title: olympics are so cool
        </p>
        <p>
          Author: some person
        </p>
        <p>
          Description: people scream a lot
        </p>
      </section>
    </li>
  </ul>
</DocumentFragment>
`;
